Ô£à [PASS] 1. ClientAccount Structure
  Expected: locked_until present
  Actual: locked_until present

node : Test execution 
failed: 
MongoServerError: ns 
does not exist: 
test.clientsessions
At line:1 char:1
+ node test-client-port
al-runner.js > 
test-output.txt 2>&1
+ ~~~~~~~~~~~~~~~~~~~~~
~~~~~~~~~~~~~~~~~~~~~~~
~~~~~~~~~~~~
    + CategoryInfo     
         : NotSpecifi  
  ed: (Test executio   
 n ....clientsessio    
ns:String) [], Rem    
oteException
    + FullyQualifiedEr 
   rorId : NativeComm  
  andError
 
    at 
Connection.onMessage 
(C:\My Web Sites\school
\live.themewild.com\eme
rald\node_modules\mongo
db\lib\cmap\connection.
js:202:26)
    at MessageStream.<a
nonymous> (C:\My Web Si
tes\school\live.themewi
ld.com\emerald\node_mod
ules\mongodb\lib\cmap\c
onnection.js:61:60)
    at 
MessageStream.emit 
(node:events:508:20)
    at 
processIncomingData 
(C:\My Web Sites\school
\live.themewild.com\eme
rald\node_modules\mongo
db\lib\cmap\message_str
eam.js:124:16)
    at 
MessageStream._write 
(C:\My Web Sites\school
\live.themewild.com\eme
rald\node_modules\mongo
db\lib\cmap\message_str
eam.js:33:9)
    at writeOrBuffer (n
ode:internal/streams/wr
itable:570:12)
    at _write (node:int
ernal/streams/writable:
499:10)
    at Writable.write (
node:internal/streams/w
ritable:508:10)
    at 
TLSSocket.ondata (node:
internal/streams/readab
le:1013:24)
    at TLSSocket.emit 
(node:events:508:20) {
  ok: 0,
  code: 26,
  codeName: 
'NamespaceNotFound',
  '$clusterTime': {
    clusterTime: new 
Timestamp({ t: 
1773836541, i: 7 }),
    signature: {
      hash: Binary.crea
teFromBase64("nPQASy7KT
7FfRjEQJdTsnpfPJiY=", 
0),
      keyId: new Long("
7561124452402987014")
    }
  },
  operationTime: new 
Timestamp({ t: 
1773836541, i: 7 }),
  Symbol(errorLabels): 
Set(0) {}
}
